--------------------------------------------------------------------------------
Release 14.7 Trace  (nt64)
Copyright (c) 1995-2013 Xilinx, Inc.  All rights reserved.

C:\Xilinx\14.7\ISE_DS\ISE\bin\nt64\unwrapped\trce.exe -intstyle ise -v 3 -s 3
-n 3 -fastpaths -xml alu.twx alu.ncd -o alu.twr alu.pcf

Design file:              alu.ncd
Physical constraint file: alu.pcf
Device,package,speed:     xc6slx45,csg484,C,-3 (PRODUCTION 1.23 2013-10-13)
Report level:             verbose report

Environment Variable      Effect 
--------------------      ------ 
NONE                      No environment variables were set
--------------------------------------------------------------------------------

INFO:Timing:2698 - No timing constraints found, doing default enumeration.
INFO:Timing:3412 - To improve timing, see the Timing Closure User Guide (UG612).
INFO:Timing:2752 - To get complete path coverage, use the unconstrained paths 
   option. All paths that are not constrained will be reported in the 
   unconstrained paths section(s) of the report.
INFO:Timing:3339 - The clock-to-out numbers in this timing report are based on 
   a 50 Ohm transmission line loading model.  For the details of this model, 
   and for more information on accounting for different loading conditions, 
   please see the device datasheet.



Data Sheet report:
-----------------
All values displayed in nanoseconds (ns)

Pad to Pad
---------------+---------------+---------+
Source Pad     |Destination Pad|  Delay  |
---------------+---------------+---------+
a<0>           |r<0>           |   13.341|
a<0>           |r<1>           |   14.587|
a<0>           |r<2>           |   14.476|
a<0>           |r<3>           |   14.850|
a<0>           |r<4>           |   13.875|
a<0>           |r<5>           |   14.270|
a<0>           |r<6>           |   15.263|
a<0>           |r<7>           |   15.570|
a<0>           |r<8>           |   14.421|
a<0>           |r<9>           |   14.809|
a<0>           |r<10>          |   15.072|
a<0>           |r<11>          |   15.398|
a<0>           |r<12>          |   15.222|
a<0>           |r<13>          |   14.690|
a<0>           |r<14>          |   14.400|
a<0>           |r<15>          |   15.825|
a<0>           |r<16>          |   14.806|
a<0>           |r<17>          |   16.270|
a<0>           |r<18>          |   15.858|
a<0>           |r<19>          |   15.707|
a<0>           |r<20>          |   15.001|
a<0>           |r<21>          |   15.534|
a<0>           |r<22>          |   15.194|
a<0>           |r<23>          |   15.518|
a<0>           |r<24>          |   15.826|
a<0>           |r<25>          |   15.885|
a<0>           |r<26>          |   15.777|
a<0>           |r<27>          |   16.756|
a<0>           |r<28>          |   14.439|
a<0>           |r<29>          |   15.504|
a<0>           |r<30>          |   14.790|
a<0>           |r<31>          |   15.441|
a<0>           |z              |   17.677|
a<1>           |r<0>           |   13.816|
a<1>           |r<1>           |   13.629|
a<1>           |r<2>           |   15.216|
a<1>           |r<3>           |   15.461|
a<1>           |r<4>           |   14.066|
a<1>           |r<5>           |   14.326|
a<1>           |r<6>           |   15.388|
a<1>           |r<7>           |   15.156|
a<1>           |r<8>           |   15.276|
a<1>           |r<9>           |   13.806|
a<1>           |r<10>          |   14.834|
a<1>           |r<11>          |   15.009|
a<1>           |r<12>          |   15.044|
a<1>           |r<13>          |   14.118|
a<1>           |r<14>          |   15.140|
a<1>           |r<15>          |   15.411|
a<1>           |r<16>          |   15.393|
a<1>           |r<17>          |   15.267|
a<1>           |r<18>          |   16.667|
a<1>           |r<19>          |   16.318|
a<1>           |r<20>          |   15.192|
a<1>           |r<21>          |   15.387|
a<1>           |r<22>          |   16.067|
a<1>           |r<23>          |   16.459|
a<1>           |r<24>          |   16.206|
a<1>           |r<25>          |   16.137|
a<1>           |r<26>          |   15.783|
a<1>           |r<27>          |   16.342|
a<1>           |r<28>          |   15.544|
a<1>           |r<29>          |   15.743|
a<1>           |r<30>          |   15.496|
a<1>           |r<31>          |   16.432|
a<1>           |z              |   17.529|
a<2>           |r<0>           |   12.050|
a<2>           |r<1>           |   12.447|
a<2>           |r<2>           |   12.800|
a<2>           |r<3>           |   11.406|
a<2>           |r<4>           |   12.320|
a<2>           |r<5>           |   13.163|
a<2>           |r<6>           |   14.817|
a<2>           |r<7>           |   12.714|
a<2>           |r<8>           |   12.663|
a<2>           |r<9>           |   12.669|
a<2>           |r<10>          |   14.127|
a<2>           |r<11>          |   13.038|
a<2>           |r<12>          |   12.518|
a<2>           |r<13>          |   13.116|
a<2>           |r<14>          |   12.641|
a<2>           |r<15>          |   13.266|
a<2>           |r<16>          |   12.954|
a<2>           |r<17>          |   14.130|
a<2>           |r<18>          |   14.210|
a<2>           |r<19>          |   13.526|
a<2>           |r<20>          |   13.079|
a<2>           |r<21>          |   14.224|
a<2>           |r<22>          |   14.721|
a<2>           |r<23>          |   13.578|
a<2>           |r<24>          |   13.666|
a<2>           |r<25>          |   13.745|
a<2>           |r<26>          |   14.223|
a<2>           |r<27>          |   13.634|
a<2>           |r<28>          |   12.438|
a<2>           |r<29>          |   13.710|
a<2>           |r<30>          |   13.125|
a<2>           |r<31>          |   13.730|
a<2>           |z              |   16.230|
a<3>           |r<0>           |   12.611|
a<3>           |r<1>           |   12.004|
a<3>           |r<2>           |   12.539|
a<3>           |r<3>           |   11.793|
a<3>           |r<4>           |   13.260|
a<3>           |r<5>           |   12.428|
a<3>           |r<6>           |   13.861|
a<3>           |r<7>           |   12.388|
a<3>           |r<8>           |   13.052|
a<3>           |r<9>           |   12.169|
a<3>           |r<10>          |   12.424|
a<3>           |r<11>          |   12.902|
a<3>           |r<12>          |   12.307|
a<3>           |r<13>          |   13.755|
a<3>           |r<14>          |   13.125|
a<3>           |r<15>          |   13.192|
a<3>           |r<16>          |   14.188|
a<3>           |r<17>          |   13.548|
a<3>           |r<18>          |   14.592|
a<3>           |r<19>          |   13.411|
a<3>           |r<20>          |   14.019|
a<3>           |r<21>          |   14.173|
a<3>           |r<22>          |   13.765|
a<3>           |r<23>          |   13.941|
a<3>           |r<24>          |   13.590|
a<3>           |r<25>          |   14.685|
a<3>           |r<26>          |   14.183|
a<3>           |r<27>          |   14.358|
a<3>           |r<28>          |   14.268|
a<3>           |r<29>          |   14.668|
a<3>           |r<30>          |   14.069|
a<3>           |r<31>          |   15.065|
a<3>           |z              |   15.454|
a<4>           |r<0>           |   12.195|
a<4>           |r<1>           |   11.439|
a<4>           |r<2>           |   10.986|
a<4>           |r<3>           |   11.150|
a<4>           |r<4>           |   12.094|
a<4>           |r<5>           |   12.040|
a<4>           |r<6>           |   12.746|
a<4>           |r<7>           |   12.164|
a<4>           |r<8>           |   12.023|
a<4>           |r<9>           |   11.777|
a<4>           |r<10>          |   12.080|
a<4>           |r<11>          |   11.826|
a<4>           |r<12>          |   11.697|
a<4>           |r<13>          |   12.437|
a<4>           |r<14>          |   12.734|
a<4>           |r<15>          |   12.615|
a<4>           |r<16>          |   13.524|
a<4>           |r<17>          |   13.048|
a<4>           |r<18>          |   14.588|
a<4>           |r<19>          |   13.596|
a<4>           |r<20>          |   13.673|
a<4>           |r<21>          |   13.631|
a<4>           |r<22>          |   13.808|
a<4>           |r<23>          |   13.276|
a<4>           |r<24>          |   13.092|
a<4>           |r<25>          |   13.706|
a<4>           |r<26>          |   13.282|
a<4>           |r<27>          |   12.933|
a<4>           |r<28>          |   12.676|
a<4>           |r<29>          |   13.713|
a<4>           |r<30>          |   13.554|
a<4>           |r<31>          |   12.992|
a<4>           |z              |   15.450|
a<5>           |r<5>           |   12.352|
a<5>           |r<6>           |   11.450|
a<5>           |r<7>           |   11.490|
a<5>           |r<8>           |   12.386|
a<5>           |r<9>           |   12.140|
a<5>           |r<10>          |   12.443|
a<5>           |r<11>          |   12.045|
a<5>           |r<12>          |   11.715|
a<5>           |r<13>          |   12.800|
a<5>           |r<14>          |   12.662|
a<5>           |r<15>          |   12.486|
a<5>           |r<16>          |   11.828|
a<5>           |r<17>          |   12.349|
a<5>           |r<18>          |   12.564|
a<5>           |r<19>          |   12.457|
a<5>           |r<20>          |   12.181|
a<5>           |r<21>          |   12.527|
a<5>           |r<22>          |   12.836|
a<5>           |r<23>          |   12.497|
a<5>           |r<24>          |   12.450|
a<5>           |r<25>          |   12.753|
a<5>           |r<26>          |   12.895|
a<5>           |r<27>          |   12.813|
a<5>           |r<28>          |   13.039|
a<5>           |r<29>          |   14.076|
a<5>           |r<30>          |   13.917|
a<5>           |r<31>          |   13.283|
a<5>           |z              |   13.781|
a<6>           |r<6>           |   12.080|
a<6>           |r<7>           |   10.973|
a<6>           |r<8>           |   11.908|
a<6>           |r<9>           |   11.662|
a<6>           |r<10>          |   11.965|
a<6>           |r<11>          |   11.567|
a<6>           |r<12>          |   11.237|
a<6>           |r<13>          |   12.322|
a<6>           |r<14>          |   12.184|
a<6>           |r<15>          |   12.008|
a<6>           |r<16>          |   11.350|
a<6>           |r<17>          |   11.871|
a<6>           |r<18>          |   12.086|
a<6>           |r<19>          |   11.979|
a<6>           |r<20>          |   11.703|
a<6>           |r<21>          |   12.049|
a<6>           |r<22>          |   12.358|
a<6>           |r<23>          |   12.019|
a<6>           |r<24>          |   11.972|
a<6>           |r<25>          |   12.275|
a<6>           |r<26>          |   12.417|
a<6>           |r<27>          |   12.335|
a<6>           |r<28>          |   12.561|
a<6>           |r<29>          |   13.598|
a<6>           |r<30>          |   13.439|
a<6>           |r<31>          |   12.805|
a<6>           |z              |   13.493|
a<7>           |r<7>           |   10.923|
a<7>           |r<8>           |   11.860|
a<7>           |r<9>           |   11.614|
a<7>           |r<10>          |   11.917|
a<7>           |r<11>          |   11.519|
a<7>           |r<12>          |   11.189|
a<7>           |r<13>          |   12.274|
a<7>           |r<14>          |   12.136|
a<7>           |r<15>          |   11.960|
a<7>           |r<16>          |   11.302|
a<7>           |r<17>          |   11.823|
a<7>           |r<18>          |   12.038|
a<7>           |r<19>          |   11.931|
a<7>           |r<20>          |   11.655|
a<7>           |r<21>          |   12.001|
a<7>           |r<22>          |   12.310|
a<7>           |r<23>          |   11.971|
a<7>           |r<24>          |   11.924|
a<7>           |r<25>          |   12.227|
a<7>           |r<26>          |   12.369|
a<7>           |r<27>          |   12.287|
a<7>           |r<28>          |   12.513|
a<7>           |r<29>          |   13.550|
a<7>           |r<30>          |   13.391|
a<7>           |r<31>          |   12.757|
a<7>           |z              |   13.255|
a<8>           |r<8>           |   12.082|
a<8>           |r<9>           |   11.808|
a<8>           |r<10>          |   12.200|
a<8>           |r<11>          |   11.819|
a<8>           |r<12>          |   11.530|
a<8>           |r<13>          |   12.615|
a<8>           |r<14>          |   12.477|
a<8>           |r<15>          |   12.301|
a<8>           |r<16>          |   11.643|
a<8>           |r<17>          |   12.164|
a<8>           |r<18>          |   12.379|
a<8>           |r<19>          |   12.272|
a<8>           |r<20>          |   11.996|
a<8>           |r<21>          |   12.342|
a<8>           |r<22>          |   12.651|
a<8>           |r<23>          |   12.312|
a<8>           |r<24>          |   12.265|
a<8>           |r<25>          |   12.568|
a<8>           |r<26>          |   12.710|
a<8>           |r<27>          |   12.628|
a<8>           |r<28>          |   12.854|
a<8>           |r<29>          |   13.891|
a<8>           |r<30>          |   13.732|
a<8>           |r<31>          |   13.098|
a<8>           |z              |   13.571|
a<9>           |r<9>           |   11.722|
a<9>           |r<10>          |   12.159|
a<9>           |r<11>          |   11.784|
a<9>           |r<12>          |   11.488|
a<9>           |r<13>          |   12.573|
a<9>           |r<14>          |   12.435|
a<9>           |r<15>          |   12.259|
a<9>           |r<16>          |   11.601|
a<9>           |r<17>          |   12.122|
a<9>           |r<18>          |   12.337|
a<9>           |r<19>          |   12.230|
a<9>           |r<20>          |   11.954|
a<9>           |r<21>          |   12.300|
a<9>           |r<22>          |   12.609|
a<9>           |r<23>          |   12.270|
a<9>           |r<24>          |   12.223|
a<9>           |r<25>          |   12.526|
a<9>           |r<26>          |   12.668|
a<9>           |r<27>          |   12.586|
a<9>           |r<28>          |   12.812|
a<9>           |r<29>          |   13.849|
a<9>           |r<30>          |   13.690|
a<9>           |r<31>          |   13.056|
a<9>           |z              |   13.529|
a<10>          |r<10>          |   11.258|
a<10>          |r<11>          |   10.879|
a<10>          |r<12>          |   10.629|
a<10>          |r<13>          |   11.714|
a<10>          |r<14>          |   11.576|
a<10>          |r<15>          |   11.400|
a<10>          |r<16>          |   10.742|
a<10>          |r<17>          |   11.263|
a<10>          |r<18>          |   11.478|
a<10>          |r<19>          |   11.371|
a<10>          |r<20>          |   11.095|
a<10>          |r<21>          |   11.441|
a<10>          |r<22>          |   11.750|
a<10>          |r<23>          |   11.411|
a<10>          |r<24>          |   11.364|
a<10>          |r<25>          |   11.667|
a<10>          |r<26>          |   11.809|
a<10>          |r<27>          |   11.727|
a<10>          |r<28>          |   11.953|
a<10>          |r<29>          |   12.990|
a<10>          |r<30>          |   12.831|
a<10>          |r<31>          |   12.197|
a<10>          |z              |   12.670|
a<11>          |r<11>          |   10.979|
a<11>          |r<12>          |   10.731|
a<11>          |r<13>          |   11.816|
a<11>          |r<14>          |   11.678|
a<11>          |r<15>          |   11.502|
a<11>          |r<16>          |   10.844|
a<11>          |r<17>          |   11.365|
a<11>          |r<18>          |   11.580|
a<11>          |r<19>          |   11.473|
a<11>          |r<20>          |   11.197|
a<11>          |r<21>          |   11.543|
a<11>          |r<22>          |   11.852|
a<11>          |r<23>          |   11.513|
a<11>          |r<24>          |   11.466|
a<11>          |r<25>          |   11.769|
a<11>          |r<26>          |   11.911|
a<11>          |r<27>          |   11.829|
a<11>          |r<28>          |   12.055|
a<11>          |r<29>          |   13.092|
a<11>          |r<30>          |   12.933|
a<11>          |r<31>          |   12.299|
a<11>          |z              |   12.772|
a<12>          |r<12>          |   10.629|
a<12>          |r<13>          |   11.686|
a<12>          |r<14>          |   11.637|
a<12>          |r<15>          |   11.478|
a<12>          |r<16>          |   10.861|
a<12>          |r<17>          |   11.382|
a<12>          |r<18>          |   11.597|
a<12>          |r<19>          |   11.490|
a<12>          |r<20>          |   11.214|
a<12>          |r<21>          |   11.560|
a<12>          |r<22>          |   11.869|
a<12>          |r<23>          |   11.530|
a<12>          |r<24>          |   11.483|
a<12>          |r<25>          |   11.786|
a<12>          |r<26>          |   11.928|
a<12>          |r<27>          |   11.846|
a<12>          |r<28>          |   12.072|
a<12>          |r<29>          |   13.109|
a<12>          |r<30>          |   12.950|
a<12>          |r<31>          |   12.316|
a<12>          |z              |   12.789|
a<13>          |r<13>          |   12.287|
a<13>          |r<14>          |   11.588|
a<13>          |r<15>          |   11.405|
a<13>          |r<16>          |   10.790|
a<13>          |r<17>          |   11.311|
a<13>          |r<18>          |   11.526|
a<13>          |r<19>          |   11.419|
a<13>          |r<20>          |   11.143|
a<13>          |r<21>          |   11.489|
a<13>          |r<22>          |   11.798|
a<13>          |r<23>          |   11.459|
a<13>          |r<24>          |   11.412|
a<13>          |r<25>          |   11.715|
a<13>          |r<26>          |   11.857|
a<13>          |r<27>          |   11.775|
a<13>          |r<28>          |   12.001|
a<13>          |r<29>          |   13.038|
a<13>          |r<30>          |   12.879|
a<13>          |r<31>          |   12.245|
a<13>          |z              |   13.068|
a<14>          |r<14>          |   11.786|
a<14>          |r<15>          |   11.045|
a<14>          |r<16>          |   10.467|
a<14>          |r<17>          |   10.988|
a<14>          |r<18>          |   11.203|
a<14>          |r<19>          |   11.096|
a<14>          |r<20>          |   10.820|
a<14>          |r<21>          |   11.166|
a<14>          |r<22>          |   11.475|
a<14>          |r<23>          |   11.136|
a<14>          |r<24>          |   11.089|
a<14>          |r<25>          |   11.392|
a<14>          |r<26>          |   11.534|
a<14>          |r<27>          |   11.452|
a<14>          |r<28>          |   11.678|
a<14>          |r<29>          |   12.715|
a<14>          |r<30>          |   12.556|
a<14>          |r<31>          |   11.922|
a<14>          |z              |   12.395|
a<15>          |r<15>          |   11.738|
a<15>          |r<16>          |   11.162|
a<15>          |r<17>          |   11.683|
a<15>          |r<18>          |   11.898|
a<15>          |r<19>          |   11.791|
a<15>          |r<20>          |   11.515|
a<15>          |r<21>          |   11.861|
a<15>          |r<22>          |   12.170|
a<15>          |r<23>          |   11.831|
a<15>          |r<24>          |   11.784|
a<15>          |r<25>          |   12.087|
a<15>          |r<26>          |   12.229|
a<15>          |r<27>          |   12.147|
a<15>          |r<28>          |   12.373|
a<15>          |r<29>          |   13.410|
a<15>          |r<30>          |   13.251|
a<15>          |r<31>          |   12.617|
a<15>          |z              |   13.090|
a<16>          |r<16>          |   11.549|
a<16>          |r<17>          |   10.989|
a<16>          |r<18>          |   11.293|
a<16>          |r<19>          |   11.203|
a<16>          |r<20>          |   10.968|
a<16>          |r<21>          |   11.314|
a<16>          |r<22>          |   11.623|
a<16>          |r<23>          |   11.284|
a<16>          |r<24>          |   11.237|
a<16>          |r<25>          |   11.540|
a<16>          |r<26>          |   11.682|
a<16>          |r<27>          |   11.600|
a<16>          |r<28>          |   11.826|
a<16>          |r<29>          |   12.863|
a<16>          |r<30>          |   12.704|
a<16>          |r<31>          |   12.070|
a<16>          |z              |   12.793|
a<17>          |r<17>          |   12.103|
a<17>          |r<18>          |   11.414|
a<17>          |r<19>          |   11.300|
a<17>          |r<20>          |   11.067|
a<17>          |r<21>          |   11.413|
a<17>          |r<22>          |   11.722|
a<17>          |r<23>          |   11.383|
a<17>          |r<24>          |   11.336|
a<17>          |r<25>          |   11.639|
a<17>          |r<26>          |   11.781|
a<17>          |r<27>          |   11.699|
a<17>          |r<28>          |   11.925|
a<17>          |r<29>          |   12.962|
a<17>          |r<30>          |   12.803|
a<17>          |r<31>          |   12.169|
a<17>          |z              |   13.510|
a<18>          |r<18>          |   11.137|
a<18>          |r<19>          |   11.049|
a<18>          |r<20>          |   10.853|
a<18>          |r<21>          |   11.199|
a<18>          |r<22>          |   11.508|
a<18>          |r<23>          |   11.169|
a<18>          |r<24>          |   11.122|
a<18>          |r<25>          |   11.425|
a<18>          |r<26>          |   11.567|
a<18>          |r<27>          |   11.485|
a<18>          |r<28>          |   11.711|
a<18>          |r<29>          |   12.748|
a<18>          |r<30>          |   12.589|
a<18>          |r<31>          |   11.955|
a<18>          |z              |   12.216|
a<19>          |r<19>          |   11.146|
a<19>          |r<20>          |   10.736|
a<19>          |r<21>          |   11.082|
a<19>          |r<22>          |   11.391|
a<19>          |r<23>          |   11.052|
a<19>          |r<24>          |   11.005|
a<19>          |r<25>          |   11.308|
a<19>          |r<26>          |   11.450|
a<19>          |r<27>          |   11.368|
a<19>          |r<28>          |   11.594|
a<19>          |r<29>          |   12.631|
a<19>          |r<30>          |   12.472|
a<19>          |r<31>          |   11.838|
a<19>          |z              |   12.099|
a<20>          |r<20>          |   10.602|
a<20>          |r<21>          |   10.920|
a<20>          |r<22>          |   11.318|
a<20>          |r<23>          |   10.996|
a<20>          |r<24>          |   10.990|
a<20>          |r<25>          |   11.293|
a<20>          |r<26>          |   11.435|
a<20>          |r<27>          |   11.353|
a<20>          |r<28>          |   11.579|
a<20>          |r<29>          |   12.616|
a<20>          |r<30>          |   12.457|
a<20>          |r<31>          |   11.823|
a<20>          |z              |   12.084|
a<21>          |r<21>          |   10.634|
a<21>          |r<22>          |   11.077|
a<21>          |r<23>          |   10.761|
a<21>          |r<24>          |   10.748|
a<21>          |r<25>          |   11.051|
a<21>          |r<26>          |   11.193|
a<21>          |r<27>          |   11.111|
a<21>          |r<28>          |   11.337|
a<21>          |r<29>          |   12.374|
a<21>          |r<30>          |   12.215|
a<21>          |r<31>          |   11.581|
a<21>          |z              |   11.842|
a<22>          |r<22>          |   10.517|
a<22>          |r<23>          |   10.197|
a<22>          |r<24>          |   10.230|
a<22>          |r<25>          |   10.533|
a<22>          |r<26>          |   10.675|
a<22>          |r<27>          |   10.593|
a<22>          |r<28>          |   10.819|
a<22>          |r<29>          |   11.856|
a<22>          |r<30>          |   11.697|
a<22>          |r<31>          |   11.063|
a<22>          |z              |   11.324|
a<23>          |r<23>          |   10.596|
a<23>          |r<24>          |   10.631|
a<23>          |r<25>          |   10.934|
a<23>          |r<26>          |   11.076|
a<23>          |r<27>          |   10.994|
a<23>          |r<28>          |   11.220|
a<23>          |r<29>          |   12.257|
a<23>          |r<30>          |   12.098|
a<23>          |r<31>          |   11.464|
a<23>          |z              |   11.725|
a<24>          |r<24>          |   10.355|
a<24>          |r<25>          |   10.630|
a<24>          |r<26>          |   10.861|
a<24>          |r<27>          |   10.796|
a<24>          |r<28>          |   11.063|
a<24>          |r<29>          |   12.100|
a<24>          |r<30>          |   11.941|
a<24>          |r<31>          |   11.307|
a<24>          |z              |   11.568|
a<25>          |r<25>          |   10.682|
a<25>          |r<26>          |   10.865|
a<25>          |r<27>          |   10.806|
a<25>          |r<28>          |   11.066|
a<25>          |r<29>          |   12.103|
a<25>          |r<30>          |   11.944|
a<25>          |r<31>          |   11.310|
a<25>          |z              |   11.571|
a<26>          |r<26>          |   10.911|
a<26>          |r<27>          |   10.516|
a<26>          |r<28>          |   10.786|
a<26>          |r<29>          |   11.823|
a<26>          |r<30>          |   11.664|
a<26>          |r<31>          |   11.030|
a<26>          |z              |   11.291|
a<27>          |r<27>          |   10.607|
a<27>          |r<28>          |   10.915|
a<27>          |r<29>          |   11.952|
a<27>          |r<30>          |   11.793|
a<27>          |r<31>          |   11.159|
a<27>          |z              |   11.420|
a<28>          |r<28>          |   10.727|
a<28>          |r<29>          |   11.736|
a<28>          |r<30>          |   11.666|
a<28>          |r<31>          |   11.049|
a<28>          |z              |   11.293|
a<29>          |r<29>          |   11.535|
a<29>          |r<30>          |   11.510|
a<29>          |r<31>          |   10.899|
a<29>          |z              |   11.137|
a<30>          |r<30>          |   11.644|
a<30>          |r<31>          |   11.029|
a<30>          |z              |   11.271|
a<31>          |r<31>          |   10.662|
a<31>          |z              |    9.734|
aluc<0>        |r<0>           |   12.169|
aluc<0>        |r<1>           |   10.604|
aluc<0>        |r<2>           |   11.018|
aluc<0>        |r<3>           |   10.586|
aluc<0>        |r<4>           |   11.961|
aluc<0>        |r<5>           |   11.193|
aluc<0>        |r<6>           |   10.872|
aluc<0>        |r<7>           |   10.671|
aluc<0>        |r<8>           |   11.560|
aluc<0>        |r<9>           |   10.476|
aluc<0>        |r<10>          |   11.837|
aluc<0>        |r<11>          |   10.948|
aluc<0>        |r<12>          |   10.746|
aluc<0>        |r<13>          |   13.131|
aluc<0>        |r<14>          |   12.708|
aluc<0>        |r<15>          |   12.589|
aluc<0>        |r<16>          |   11.922|
aluc<0>        |r<17>          |   12.027|
aluc<0>        |r<18>          |   12.623|
aluc<0>        |r<19>          |   12.167|
aluc<0>        |r<20>          |   11.003|
aluc<0>        |r<21>          |   11.312|
aluc<0>        |r<22>          |   10.250|
aluc<0>        |r<23>          |   10.059|
aluc<0>        |r<24>          |   12.485|
aluc<0>        |r<25>          |   11.896|
aluc<0>        |r<26>          |   11.180|
aluc<0>        |r<27>          |   11.313|
aluc<0>        |r<28>          |   10.110|
aluc<0>        |r<29>          |   13.417|
aluc<0>        |r<30>          |   13.076|
aluc<0>        |r<31>          |   11.290|
aluc<0>        |z              |   13.912|
aluc<1>        |r<0>           |   15.126|
aluc<1>        |r<1>           |   12.011|
aluc<1>        |r<2>           |   13.259|
aluc<1>        |r<3>           |   13.796|
aluc<1>        |r<4>           |   13.481|
aluc<1>        |r<5>           |   14.462|
aluc<1>        |r<6>           |   13.634|
aluc<1>        |r<7>           |   13.391|
aluc<1>        |r<8>           |   14.538|
aluc<1>        |r<9>           |   13.040|
aluc<1>        |r<10>          |   12.996|
aluc<1>        |r<11>          |   12.614|
aluc<1>        |r<12>          |   12.570|
aluc<1>        |r<13>          |   15.229|
aluc<1>        |r<14>          |   14.871|
aluc<1>        |r<15>          |   14.587|
aluc<1>        |r<16>          |   15.497|
aluc<1>        |r<17>          |   15.381|
aluc<1>        |r<18>          |   15.660|
aluc<1>        |r<19>          |   14.125|
aluc<1>        |r<20>          |   12.552|
aluc<1>        |r<21>          |   12.527|
aluc<1>        |r<22>          |   12.452|
aluc<1>        |r<23>          |   12.900|
aluc<1>        |r<24>          |   13.854|
aluc<1>        |r<25>          |   13.363|
aluc<1>        |r<26>          |   13.299|
aluc<1>        |r<27>          |   12.980|
aluc<1>        |r<28>          |   12.223|
aluc<1>        |r<29>          |   13.704|
aluc<1>        |r<30>          |   13.590|
aluc<1>        |r<31>          |   16.164|
aluc<1>        |z              |   16.788|
aluc<2>        |r<0>           |   11.224|
aluc<2>        |r<1>           |    9.159|
aluc<2>        |r<2>           |   10.582|
aluc<2>        |r<3>           |   12.209|
aluc<2>        |r<4>           |   10.724|
aluc<2>        |r<5>           |   12.550|
aluc<2>        |r<6>           |   11.670|
aluc<2>        |r<7>           |   11.674|
aluc<2>        |r<8>           |   12.849|
aluc<2>        |r<9>           |   11.563|
aluc<2>        |r<10>          |   11.686|
aluc<2>        |r<11>          |   12.224|
aluc<2>        |r<12>          |   10.778|
aluc<2>        |r<13>          |   13.089|
aluc<2>        |r<14>          |   12.754|
aluc<2>        |r<15>          |   12.470|
aluc<2>        |r<16>          |   13.380|
aluc<2>        |r<17>          |   13.264|
aluc<2>        |r<18>          |   13.543|
aluc<2>        |r<19>          |   12.097|
aluc<2>        |r<20>          |   11.083|
aluc<2>        |r<21>          |   11.881|
aluc<2>        |r<22>          |   10.889|
aluc<2>        |r<23>          |   11.500|
aluc<2>        |r<24>          |   11.324|
aluc<2>        |r<25>          |   11.057|
aluc<2>        |r<26>          |   10.749|
aluc<2>        |r<27>          |   12.048|
aluc<2>        |r<28>          |   12.135|
aluc<2>        |r<29>          |   12.787|
aluc<2>        |r<30>          |   12.466|
aluc<2>        |r<31>          |   14.047|
aluc<2>        |z              |   14.671|
aluc<3>        |r<1>           |   12.698|
aluc<3>        |r<2>           |   13.006|
aluc<3>        |r<3>           |   14.482|
aluc<3>        |r<4>           |   12.757|
aluc<3>        |r<5>           |   13.839|
aluc<3>        |r<6>           |   14.336|
aluc<3>        |r<7>           |   13.462|
aluc<3>        |r<8>           |   13.185|
aluc<3>        |r<9>           |   12.643|
aluc<3>        |r<10>          |   12.618|
aluc<3>        |r<11>          |   13.230|
aluc<3>        |r<12>          |   13.067|
aluc<3>        |r<13>          |   12.849|
aluc<3>        |r<14>          |   11.990|
aluc<3>        |r<15>          |   13.678|
aluc<3>        |r<16>          |   12.384|
aluc<3>        |r<17>          |   13.826|
aluc<3>        |r<18>          |   14.665|
aluc<3>        |r<19>          |   15.339|
aluc<3>        |r<20>          |   13.627|
aluc<3>        |r<21>          |   14.900|
aluc<3>        |r<22>          |   14.240|
aluc<3>        |r<23>          |   13.513|
aluc<3>        |r<24>          |   14.676|
aluc<3>        |r<25>          |   13.428|
aluc<3>        |r<26>          |   13.283|
aluc<3>        |r<27>          |   14.335|
aluc<3>        |r<28>          |   14.288|
aluc<3>        |r<29>          |   13.688|
aluc<3>        |r<30>          |   13.574|
aluc<3>        |r<31>          |   14.700|
aluc<3>        |z              |   15.749|
b<0>           |r<0>           |   11.296|
b<0>           |r<1>           |    9.830|
b<0>           |r<2>           |   10.589|
b<0>           |r<3>           |   11.235|
b<0>           |r<4>           |   11.862|
b<0>           |r<5>           |   10.682|
b<0>           |r<6>           |   10.606|
b<0>           |r<7>           |   10.252|
b<0>           |r<8>           |   10.900|
b<0>           |r<9>           |   10.500|
b<0>           |r<10>          |   11.022|
b<0>           |r<11>          |   12.051|
b<0>           |r<12>          |   11.599|
b<0>           |r<13>          |   11.534|
b<0>           |r<14>          |   12.369|
b<0>           |r<15>          |   12.118|
b<0>           |r<16>          |   11.703|
b<0>           |r<17>          |   11.739|
b<0>           |r<18>          |   13.444|
b<0>           |r<19>          |   11.971|
b<0>           |r<20>          |   11.409|
b<0>           |r<21>          |   12.641|
b<0>           |r<22>          |   12.953|
b<0>           |r<23>          |   12.591|
b<0>           |r<24>          |   11.951|
b<0>           |r<25>          |   12.371|
b<0>           |r<26>          |   13.615|
b<0>           |r<27>          |   11.861|
b<0>           |r<28>          |   12.192|
b<0>           |r<29>          |   12.348|
b<0>           |r<30>          |   12.832|
b<0>           |r<31>          |   12.743|
b<0>           |z              |   14.306|
b<1>           |r<0>           |   10.788|
b<1>           |r<1>           |   10.004|
b<1>           |r<2>           |   10.243|
b<1>           |r<3>           |   11.008|
b<1>           |r<4>           |   11.083|
b<1>           |r<5>           |   10.400|
b<1>           |r<6>           |   10.260|
b<1>           |r<7>           |   10.025|
b<1>           |r<8>           |   11.280|
b<1>           |r<9>           |   10.154|
b<1>           |r<10>          |   10.676|
b<1>           |r<11>          |   11.824|
b<1>           |r<12>          |   11.010|
b<1>           |r<13>          |   11.188|
b<1>           |r<14>          |   12.023|
b<1>           |r<15>          |   11.891|
b<1>           |r<16>          |   10.877|
b<1>           |r<17>          |   11.393|
b<1>           |r<18>          |   13.098|
b<1>           |r<19>          |   11.744|
b<1>           |r<20>          |   11.312|
b<1>           |r<21>          |   12.295|
b<1>           |r<22>          |   12.607|
b<1>           |r<23>          |   12.364|
b<1>           |r<24>          |   12.283|
b<1>           |r<25>          |   12.025|
b<1>           |r<26>          |   13.269|
b<1>           |r<27>          |   11.634|
b<1>           |r<28>          |   11.603|
b<1>           |r<29>          |   12.002|
b<1>           |r<30>          |   12.486|
b<1>           |r<31>          |   12.516|
b<1>           |z              |   13.960|
b<2>           |r<0>           |   10.930|
b<2>           |r<1>           |   10.656|
b<2>           |r<2>           |   10.867|
b<2>           |r<3>           |   12.223|
b<2>           |r<4>           |   12.007|
b<2>           |r<5>           |   11.733|
b<2>           |r<6>           |   10.649|
b<2>           |r<7>           |   11.240|
b<2>           |r<8>           |   12.204|
b<2>           |r<9>           |   11.288|
b<2>           |r<10>          |   11.065|
b<2>           |r<11>          |   13.039|
b<2>           |r<12>          |   11.934|
b<2>           |r<13>          |   12.210|
b<2>           |r<14>          |   12.412|
b<2>           |r<15>          |   13.106|
b<2>           |r<16>          |   11.801|
b<2>           |r<17>          |   11.148|
b<2>           |r<18>          |   13.487|
b<2>           |r<19>          |   12.959|
b<2>           |r<20>          |   12.236|
b<2>           |r<21>          |   12.241|
b<2>           |r<22>          |   12.996|
b<2>           |r<23>          |   13.579|
b<2>           |r<24>          |   13.207|
b<2>           |r<25>          |   11.931|
b<2>           |r<26>          |   13.658|
b<2>           |r<27>          |   12.849|
b<2>           |r<28>          |   12.527|
b<2>           |r<29>          |   13.024|
b<2>           |r<30>          |   12.875|
b<2>           |r<31>          |   13.731|
b<2>           |z              |   14.349|
b<3>           |r<0>           |   11.336|
b<3>           |r<1>           |   10.552|
b<3>           |r<2>           |   10.900|
b<3>           |r<3>           |   11.865|
b<3>           |r<4>           |   12.483|
b<3>           |r<5>           |   12.809|
b<3>           |r<6>           |   11.273|
b<3>           |r<7>           |   10.882|
b<3>           |r<8>           |   12.680|
b<3>           |r<9>           |   12.364|
b<3>           |r<10>          |   11.528|
b<3>           |r<11>          |   12.681|
b<3>           |r<12>          |   12.410|
b<3>           |r<13>          |   13.286|
b<3>           |r<14>          |   12.073|
b<3>           |r<15>          |   12.748|
b<3>           |r<16>          |   12.277|
b<3>           |r<17>          |   12.224|
b<3>           |r<18>          |   12.608|
b<3>           |r<19>          |   12.601|
b<3>           |r<20>          |   12.712|
b<3>           |r<21>          |   13.317|
b<3>           |r<22>          |   13.153|
b<3>           |r<23>          |   13.221|
b<3>           |r<24>          |   13.683|
b<3>           |r<25>          |   13.007|
b<3>           |r<26>          |   13.220|
b<3>           |r<27>          |   12.491|
b<3>           |r<28>          |   13.003|
b<3>           |r<29>          |   14.100|
b<3>           |r<30>          |   12.536|
b<3>           |r<31>          |   13.373|
b<3>           |z              |   14.252|
b<4>           |r<0>           |   11.237|
b<4>           |r<1>           |   10.231|
b<4>           |r<2>           |   10.442|
b<4>           |r<3>           |   10.919|
b<4>           |r<4>           |   11.437|
b<4>           |r<5>           |   11.220|
b<4>           |r<6>           |   11.011|
b<4>           |r<7>           |   10.214|
b<4>           |r<8>           |   11.634|
b<4>           |r<9>           |   10.775|
b<4>           |r<10>          |   11.266|
b<4>           |r<11>          |   12.564|
b<4>           |r<12>          |   11.364|
b<4>           |r<13>          |   11.697|
b<4>           |r<14>          |   11.811|
b<4>           |r<15>          |   12.631|
b<4>           |r<16>          |   11.231|
b<4>           |r<17>          |   10.635|
b<4>           |r<18>          |   12.346|
b<4>           |r<19>          |   12.717|
b<4>           |r<20>          |   11.666|
b<4>           |r<21>          |   11.728|
b<4>           |r<22>          |   12.891|
b<4>           |r<23>          |   13.104|
b<4>           |r<24>          |   12.637|
b<4>           |r<25>          |   11.418|
b<4>           |r<26>          |   12.958|
b<4>           |r<27>          |   12.374|
b<4>           |r<28>          |   11.957|
b<4>           |r<29>          |   12.511|
b<4>           |r<30>          |   12.274|
b<4>           |r<31>          |   13.256|
b<4>           |z              |   13.808|
b<5>           |r<0>           |   10.482|
b<5>           |r<1>           |   10.223|
b<5>           |r<2>           |   10.469|
b<5>           |r<3>           |   11.147|
b<5>           |r<4>           |    9.922|
b<5>           |r<5>           |   10.939|
b<5>           |r<6>           |   10.143|
b<5>           |r<7>           |   10.290|
b<5>           |r<8>           |   11.232|
b<5>           |r<9>           |   10.494|
b<5>           |r<10>          |   10.413|
b<5>           |r<11>          |   12.640|
b<5>           |r<12>          |   11.042|
b<5>           |r<13>          |   11.416|
b<5>           |r<14>          |   10.943|
b<5>           |r<15>          |   12.707|
b<5>           |r<16>          |   10.829|
b<5>           |r<17>          |   10.354|
b<5>           |r<18>          |   11.478|
b<5>           |r<19>          |   12.793|
b<5>           |r<20>          |   11.228|
b<5>           |r<21>          |   11.447|
b<5>           |r<22>          |   12.023|
b<5>           |r<23>          |   13.180|
b<5>           |r<24>          |   12.235|
b<5>           |r<25>          |   11.137|
b<5>           |r<26>          |   12.090|
b<5>           |r<27>          |   12.450|
b<5>           |r<28>          |   11.635|
b<5>           |r<29>          |   12.230|
b<5>           |r<30>          |   11.887|
b<5>           |r<31>          |   13.332|
b<5>           |z              |   13.884|
b<6>           |r<0>           |   10.577|
b<6>           |r<1>           |   10.639|
b<6>           |r<2>           |   10.615|
b<6>           |r<3>           |   10.259|
b<6>           |r<4>           |   10.017|
b<6>           |r<5>           |   11.013|
b<6>           |r<6>           |   10.895|
b<6>           |r<7>           |    9.917|
b<6>           |r<8>           |   11.408|
b<6>           |r<9>           |    9.998|
b<6>           |r<10>          |   10.686|
b<6>           |r<11>          |   12.267|
b<6>           |r<12>          |   11.218|
b<6>           |r<13>          |   10.855|
b<6>           |r<14>          |   11.231|
b<6>           |r<15>          |   12.334|
b<6>           |r<16>          |   11.005|
b<6>           |r<17>          |   10.793|
b<6>           |r<18>          |   11.766|
b<6>           |r<19>          |   12.420|
b<6>           |r<20>          |   11.404|
b<6>           |r<21>          |   12.535|
b<6>           |r<22>          |   12.311|
b<6>           |r<23>          |   12.807|
b<6>           |r<24>          |   12.411|
b<6>           |r<25>          |   11.980|
b<6>           |r<26>          |   12.378|
b<6>           |r<27>          |   12.077|
b<6>           |r<28>          |   11.811|
b<6>           |r<29>          |   11.934|
b<6>           |r<30>          |   11.775|
b<6>           |r<31>          |   12.959|
b<6>           |z              |   13.511|
b<7>           |r<0>           |   10.765|
b<7>           |r<1>           |   10.506|
b<7>           |r<2>           |   10.649|
b<7>           |r<3>           |   10.379|
b<7>           |r<4>           |   10.205|
b<7>           |r<5>           |   10.880|
b<7>           |r<6>           |   10.929|
b<7>           |r<7>           |   11.203|
b<7>           |r<8>           |   10.980|
b<7>           |r<9>           |   10.016|
b<7>           |r<10>          |   11.349|
b<7>           |r<11>          |   12.574|
b<7>           |r<12>          |   10.790|
b<7>           |r<13>          |   10.989|
b<7>           |r<14>          |   11.906|
b<7>           |r<15>          |   12.641|
b<7>           |r<16>          |   10.577|
b<7>           |r<17>          |   10.927|
b<7>           |r<18>          |   12.744|
b<7>           |r<19>          |   12.727|
b<7>           |r<20>          |   10.976|
b<7>           |r<21>          |   12.669|
b<7>           |r<22>          |   11.706|
b<7>           |r<23>          |   13.114|
b<7>           |r<24>          |   11.983|
b<7>           |r<25>          |   12.114|
b<7>           |r<26>          |   13.356|
b<7>           |r<27>          |   12.384|
b<7>           |r<28>          |   11.383|
b<7>           |r<29>          |   11.952|
b<7>           |r<30>          |   12.369|
b<7>           |r<31>          |   13.266|
b<7>           |z              |   13.818|
b<8>           |r<0>           |   10.002|
b<8>           |r<1>           |   10.121|
b<8>           |r<2>           |   10.097|
b<8>           |r<3>           |   10.331|
b<8>           |r<4>           |    8.997|
b<8>           |r<5>           |   10.495|
b<8>           |r<6>           |   10.377|
b<8>           |r<7>           |   11.155|
b<8>           |r<8>           |   11.404|
b<8>           |r<9>           |   10.261|
b<8>           |r<10>          |   11.759|
b<8>           |r<11>          |   11.580|
b<8>           |r<12>          |   11.214|
b<8>           |r<13>          |   11.382|
b<8>           |r<14>          |   12.316|
b<8>           |r<15>          |   11.187|
b<8>           |r<16>          |   11.001|
b<8>           |r<17>          |   11.320|
b<8>           |r<18>          |   13.154|
b<8>           |r<19>          |   11.974|
b<8>           |r<20>          |   11.400|
b<8>           |r<21>          |   13.062|
b<8>           |r<22>          |   12.116|
b<8>           |r<23>          |   11.707|
b<8>           |r<24>          |   12.407|
b<8>           |r<25>          |   12.507|
b<8>           |r<26>          |   13.766|
b<8>           |r<27>          |   11.390|
b<8>           |r<28>          |   11.807|
b<8>           |r<29>          |   12.196|
b<8>           |r<30>          |   12.779|
b<8>           |r<31>          |   11.812|
b<8>           |z              |   14.016|
b<9>           |r<0>           |   10.262|
b<9>           |r<1>           |    9.610|
b<9>           |r<2>           |   10.269|
b<9>           |r<3>           |    9.999|
b<9>           |r<4>           |    9.257|
b<9>           |r<5>           |    9.922|
b<9>           |r<6>           |   10.549|
b<9>           |r<7>           |   10.823|
b<9>           |r<8>           |   11.091|
b<9>           |r<9>           |   10.011|
b<9>           |r<10>          |   11.307|
b<9>           |r<11>          |   11.617|
b<9>           |r<12>          |   10.844|
b<9>           |r<13>          |   10.862|
b<9>           |r<14>          |   11.864|
b<9>           |r<15>          |   11.224|
b<9>           |r<16>          |   11.046|
b<9>           |r<17>          |   10.411|
b<9>           |r<18>          |   12.702|
b<9>           |r<19>          |   12.011|
b<9>           |r<20>          |   11.490|
b<9>           |r<21>          |   12.150|
b<9>           |r<22>          |   11.664|
b<9>           |r<23>          |   11.744|
b<9>           |r<24>          |   12.256|
b<9>           |r<25>          |   11.595|
b<9>           |r<26>          |   13.314|
b<9>           |r<27>          |   11.427|
b<9>           |r<28>          |   11.437|
b<9>           |r<29>          |   12.138|
b<9>           |r<30>          |   12.327|
b<9>           |r<31>          |   11.849|
b<9>           |z              |   13.564|
b<10>          |r<0>           |   11.007|
b<10>          |r<1>           |   10.067|
b<10>          |r<2>           |   10.125|
b<10>          |r<3>           |   10.744|
b<10>          |r<4>           |   10.002|
b<10>          |r<5>           |   10.379|
b<10>          |r<6>           |   10.211|
b<10>          |r<7>           |   11.568|
b<10>          |r<8>           |   11.836|
b<10>          |r<9>           |   10.204|
b<10>          |r<10>          |   11.234|
b<10>          |r<11>          |   12.433|
b<10>          |r<12>          |   11.200|
b<10>          |r<13>          |   11.534|
b<10>          |r<14>          |   11.791|
b<10>          |r<15>          |   12.040|
b<10>          |r<16>          |   11.402|
b<10>          |r<17>          |   10.548|
b<10>          |r<18>          |   12.629|
b<10>          |r<19>          |   12.827|
b<10>          |r<20>          |   11.846|
b<10>          |r<21>          |   11.324|
b<10>          |r<22>          |   11.591|
b<10>          |r<23>          |   12.560|
b<10>          |r<24>          |   12.612|
b<10>          |r<25>          |   11.346|
b<10>          |r<26>          |   13.241|
b<10>          |r<27>          |   12.243|
b<10>          |r<28>          |   11.793|
b<10>          |r<29>          |   12.348|
b<10>          |r<30>          |   12.254|
b<10>          |r<31>          |   12.665|
b<10>          |z              |   13.655|
b<11>          |r<0>           |   10.166|
b<11>          |r<1>           |    9.722|
b<11>          |r<2>           |   10.364|
b<11>          |r<3>           |    9.854|
b<11>          |r<4>           |    9.161|
b<11>          |r<5>           |   10.034|
b<11>          |r<6>           |   10.450|
b<11>          |r<7>           |    9.948|
b<11>          |r<8>           |   10.995|
b<11>          |r<9>           |    9.859|
b<11>          |r<10>          |   10.888|
b<11>          |r<11>          |   12.084|
b<11>          |r<12>          |   11.035|
b<11>          |r<13>          |   11.605|
b<11>          |r<14>          |   11.417|
b<11>          |r<15>          |   11.691|
b<11>          |r<16>          |   11.237|
b<11>          |r<17>          |   10.420|
b<11>          |r<18>          |   12.061|
b<11>          |r<19>          |   12.478|
b<11>          |r<20>          |   11.681|
b<11>          |r<21>          |   11.395|
b<11>          |r<22>          |   11.487|
b<11>          |r<23>          |   12.211|
b<11>          |r<24>          |   12.447|
b<11>          |r<25>          |   11.417|
b<11>          |r<26>          |   11.319|
b<11>          |r<27>          |   11.894|
b<11>          |r<28>          |   11.628|
b<11>          |r<29>          |   12.419|
b<11>          |r<30>          |   11.988|
b<11>          |r<31>          |   12.316|
b<11>          |z              |   13.306|
b<12>          |r<0>           |   11.314|
b<12>          |r<1>           |    9.864|
b<12>          |r<2>           |   10.123|
b<12>          |r<3>           |    9.982|
b<12>          |r<4>           |   10.754|
b<12>          |r<5>           |   10.176|
b<12>          |r<6>           |   10.209|
b<12>          |r<7>           |   10.076|
b<12>          |r<8>           |   11.494|
b<12>          |r<9>           |   10.001|
b<12>          |r<10>          |   10.647|
b<12>          |r<11>          |   10.937|
b<12>          |r<12>          |   10.992|
b<12>          |r<13>          |   11.568|
b<12>          |r<14>          |   11.175|
b<12>          |r<15>          |   11.385|
b<12>          |r<16>          |   11.057|
b<12>          |r<17>          |   10.632|
b<12>          |r<18>          |   11.819|
b<12>          |r<19>          |   11.862|
b<12>          |r<20>          |   11.501|
b<12>          |r<21>          |   11.358|
b<12>          |r<22>          |   11.245|
b<12>          |r<23>          |   11.701|
b<12>          |r<24>          |   12.267|
b<12>          |r<25>          |   11.380|
b<12>          |r<26>          |   11.178|
b<12>          |r<27>          |   11.401|
b<12>          |r<28>          |   11.448|
b<12>          |r<29>          |   12.382|
b<12>          |r<30>          |   12.200|
b<12>          |r<31>          |   12.010|
b<12>          |z              |   12.889|
b<13>          |r<0>           |   11.248|
b<13>          |r<1>           |   11.377|
b<13>          |r<2>           |   10.560|
b<13>          |r<3>           |    9.842|
b<13>          |r<4>           |   10.688|
b<13>          |r<5>           |   11.751|
b<13>          |r<6>           |   10.646|
b<13>          |r<7>           |    9.936|
b<13>          |r<8>           |   11.428|
b<13>          |r<9>           |   10.662|
b<13>          |r<10>          |   11.084|
b<13>          |r<11>          |   10.797|
b<13>          |r<12>          |   10.926|
b<13>          |r<13>          |   11.617|
b<13>          |r<14>          |   11.883|
b<13>          |r<15>          |   11.714|
b<13>          |r<16>          |   11.374|
b<13>          |r<17>          |   11.034|
b<13>          |r<18>          |   12.527|
b<13>          |r<19>          |   12.191|
b<13>          |r<20>          |   11.258|
b<13>          |r<21>          |   11.407|
b<13>          |r<22>          |   11.953|
b<13>          |r<23>          |   12.030|
b<13>          |r<24>          |   11.438|
b<13>          |r<25>          |   11.438|
b<13>          |r<26>          |   11.785|
b<13>          |r<27>          |   11.730|
b<13>          |r<28>          |   11.724|
b<13>          |r<29>          |   12.761|
b<13>          |r<30>          |   12.602|
b<13>          |r<31>          |   12.339|
b<13>          |z              |   13.389|
b<14>          |r<0>           |   10.928|
b<14>          |r<1>           |   11.773|
b<14>          |r<2>           |   10.354|
b<14>          |r<3>           |   10.123|
b<14>          |r<4>           |   10.368|
b<14>          |r<5>           |   12.147|
b<14>          |r<6>           |   10.634|
b<14>          |r<7>           |   10.217|
b<14>          |r<8>           |   11.108|
b<14>          |r<9>           |   11.058|
b<14>          |r<10>          |   10.710|
b<14>          |r<11>          |   11.078|
b<14>          |r<12>          |   10.606|
b<14>          |r<13>          |   11.007|
b<14>          |r<14>          |   11.346|
b<14>          |r<15>          |   11.346|
b<14>          |r<16>          |   11.536|
b<14>          |r<17>          |   10.521|
b<14>          |r<18>          |   11.990|
b<14>          |r<19>          |   11.823|
b<14>          |r<20>          |   11.420|
b<14>          |r<21>          |   11.374|
b<14>          |r<22>          |   11.416|
b<14>          |r<23>          |   11.662|
b<14>          |r<24>          |   11.600|
b<14>          |r<25>          |   11.680|
b<14>          |r<26>          |   11.248|
b<14>          |r<27>          |   11.362|
b<14>          |r<28>          |   11.211|
b<14>          |r<29>          |   12.248|
b<14>          |r<30>          |   12.089|
b<14>          |r<31>          |   11.971|
b<14>          |z              |   13.361|
b<15>          |r<0>           |   11.665|
b<15>          |r<1>           |   11.782|
b<15>          |r<2>           |   10.566|
b<15>          |r<3>           |   11.153|
b<15>          |r<4>           |   11.105|
b<15>          |r<5>           |   12.156|
b<15>          |r<6>           |   10.846|
b<15>          |r<7>           |   11.977|
b<15>          |r<8>           |   11.845|
b<15>          |r<9>           |   11.067|
b<15>          |r<10>          |   10.922|
b<15>          |r<11>          |   11.923|
b<15>          |r<12>          |   11.343|
b<15>          |r<13>          |   11.016|
b<15>          |r<14>          |   10.648|
b<15>          |r<15>          |   12.103|
b<15>          |r<16>          |   12.062|
b<15>          |r<17>          |   10.973|
b<15>          |r<18>          |   13.253|
b<15>          |r<19>          |   12.580|
b<15>          |r<20>          |   11.946|
b<15>          |r<21>          |   11.959|
b<15>          |r<22>          |   12.653|
b<15>          |r<23>          |   12.419|
b<15>          |r<24>          |   12.126|
b<15>          |r<25>          |   12.265|
b<15>          |r<26>          |   12.011|
b<15>          |r<27>          |   12.119|
b<15>          |r<28>          |   11.480|
b<15>          |r<29>          |   12.216|
b<15>          |r<30>          |   12.057|
b<15>          |r<31>          |   12.728|
b<15>          |z              |   14.115|
b<16>          |r<0>           |    9.727|
b<16>          |r<1>           |   11.323|
b<16>          |r<2>           |   10.530|
b<16>          |r<3>           |   10.657|
b<16>          |r<4>           |    9.839|
b<16>          |r<5>           |   11.697|
b<16>          |r<6>           |   10.810|
b<16>          |r<7>           |   11.481|
b<16>          |r<8>           |   11.606|
b<16>          |r<9>           |   10.608|
b<16>          |r<10>          |   10.886|
b<16>          |r<11>          |   11.427|
b<16>          |r<12>          |   11.345|
b<16>          |r<13>          |   10.557|
b<16>          |r<14>          |   10.612|
b<16>          |r<15>          |   10.554|
b<16>          |r<16>          |   11.810|
b<16>          |r<17>          |   10.913|
b<16>          |r<18>          |   12.657|
b<16>          |r<19>          |   12.541|
b<16>          |r<20>          |   11.694|
b<16>          |r<21>          |   11.899|
b<16>          |r<22>          |   12.057|
b<16>          |r<23>          |   11.660|
b<16>          |r<24>          |   11.874|
b<16>          |r<25>          |   12.205|
b<16>          |r<26>          |   11.415|
b<16>          |r<27>          |   11.698|
b<16>          |r<28>          |   11.228|
b<16>          |r<29>          |   12.108|
b<16>          |r<30>          |   11.949|
b<16>          |r<31>          |   12.405|
b<16>          |z              |   13.519|
b<17>          |r<0>           |   10.064|
b<17>          |r<1>           |    9.859|
b<17>          |r<2>           |   10.489|
b<17>          |r<3>           |   10.701|
b<17>          |r<4>           |   10.176|
b<17>          |r<5>           |   10.209|
b<17>          |r<6>           |   10.769|
b<17>          |r<7>           |   11.525|
b<17>          |r<8>           |   11.943|
b<17>          |r<9>           |    9.735|
b<17>          |r<10>          |   10.845|
b<17>          |r<11>          |   11.471|
b<17>          |r<12>          |   11.682|
b<17>          |r<13>          |   10.511|
b<17>          |r<14>          |   10.571|
b<17>          |r<15>          |   10.598|
b<17>          |r<16>          |   11.641|
b<17>          |r<17>          |   11.470|
b<17>          |r<18>          |   12.826|
b<17>          |r<19>          |   12.361|
b<17>          |r<20>          |   11.810|
b<17>          |r<21>          |   11.550|
b<17>          |r<22>          |   12.226|
b<17>          |r<23>          |   11.480|
b<17>          |r<24>          |   12.599|
b<17>          |r<25>          |   11.856|
b<17>          |r<26>          |   11.641|
b<17>          |r<27>          |   11.559|
b<17>          |r<28>          |   11.971|
b<17>          |r<29>          |   12.822|
b<17>          |r<30>          |   12.663|
b<17>          |r<31>          |   12.225|
b<17>          |z              |   13.688|
b<18>          |r<0>           |   10.337|
b<18>          |r<1>           |   10.913|
b<18>          |r<2>           |   11.924|
b<18>          |r<3>           |   11.484|
b<18>          |r<4>           |   10.449|
b<18>          |r<5>           |   11.263|
b<18>          |r<6>           |   11.220|
b<18>          |r<7>           |   12.308|
b<18>          |r<8>           |   12.216|
b<18>          |r<9>           |   10.789|
b<18>          |r<10>          |   11.969|
b<18>          |r<11>          |   12.254|
b<18>          |r<12>          |   11.955|
b<18>          |r<13>          |   11.565|
b<18>          |r<14>          |   11.545|
b<18>          |r<15>          |   11.381|
b<18>          |r<16>          |   11.914|
b<18>          |r<17>          |   12.524|
b<18>          |r<18>          |   13.306|
b<18>          |r<19>          |   12.996|
b<18>          |r<20>          |   12.369|
b<18>          |r<21>          |   12.502|
b<18>          |r<22>          |   12.662|
b<18>          |r<23>          |   12.115|
b<18>          |r<24>          |   13.158|
b<18>          |r<25>          |   12.236|
b<18>          |r<26>          |   12.095|
b<18>          |r<27>          |   12.153|
b<18>          |r<28>          |   12.530|
b<18>          |r<29>          |   13.276|
b<18>          |r<30>          |   13.117|
b<18>          |r<31>          |   12.860|
b<18>          |z              |   14.168|
b<19>          |r<0>           |   10.883|
b<19>          |r<1>           |   10.795|
b<19>          |r<2>           |   11.442|
b<19>          |r<3>           |   11.310|
b<19>          |r<4>           |   10.995|
b<19>          |r<5>           |   11.145|
b<19>          |r<6>           |   10.738|
b<19>          |r<7>           |   11.379|
b<19>          |r<8>           |   12.762|
b<19>          |r<9>           |   10.671|
b<19>          |r<10>          |   11.487|
b<19>          |r<11>          |   12.331|
b<19>          |r<12>          |   12.501|
b<19>          |r<13>          |   11.447|
b<19>          |r<14>          |   11.063|
b<19>          |r<15>          |   11.358|
b<19>          |r<16>          |   12.460|
b<19>          |r<17>          |   12.406|
b<19>          |r<18>          |   12.824|
b<19>          |r<19>          |   13.186|
b<19>          |r<20>          |   12.834|
b<19>          |r<21>          |   12.825|
b<19>          |r<22>          |   12.621|
b<19>          |r<23>          |   12.305|
b<19>          |r<24>          |   13.623|
b<19>          |r<25>          |   12.559|
b<19>          |r<26>          |   12.452|
b<19>          |r<27>          |   12.370|
b<19>          |r<28>          |   12.995|
b<19>          |r<29>          |   13.633|
b<19>          |r<30>          |   13.474|
b<19>          |r<31>          |   13.050|
b<19>          |z              |   14.192|
b<20>          |r<0>           |   10.057|
b<20>          |r<1>           |   10.781|
b<20>          |r<2>           |   11.752|
b<20>          |r<3>           |   11.246|
b<20>          |r<4>           |   10.753|
b<20>          |r<5>           |   11.131|
b<20>          |r<6>           |   11.048|
b<20>          |r<7>           |   11.315|
b<20>          |r<8>           |   11.524|
b<20>          |r<9>           |   10.657|
b<20>          |r<10>          |   11.797|
b<20>          |r<11>          |   12.267|
b<20>          |r<12>          |   11.748|
b<20>          |r<13>          |   11.433|
b<20>          |r<14>          |   11.373|
b<20>          |r<15>          |   11.294|
b<20>          |r<16>          |   11.634|
b<20>          |r<17>          |   12.392|
b<20>          |r<18>          |   13.134|
b<20>          |r<19>          |   12.103|
b<20>          |r<20>          |   12.404|
b<20>          |r<21>          |   12.333|
b<20>          |r<22>          |   12.009|
b<20>          |r<23>          |   12.540|
b<20>          |r<24>          |   13.193|
b<20>          |r<25>          |   12.067|
b<20>          |r<26>          |   11.970|
b<20>          |r<27>          |   12.240|
b<20>          |r<28>          |   12.565|
b<20>          |r<29>          |   13.151|
b<20>          |r<30>          |   12.992|
b<20>          |r<31>          |   12.358|
b<20>          |z              |   13.996|
b<21>          |r<0>           |   10.440|
b<21>          |r<1>           |   11.215|
b<21>          |r<2>           |   11.492|
b<21>          |r<3>           |   10.947|
b<21>          |r<4>           |   11.136|
b<21>          |r<5>           |   11.219|
b<21>          |r<6>           |   10.788|
b<21>          |r<7>           |   11.016|
b<21>          |r<8>           |   11.907|
b<21>          |r<9>           |   10.483|
b<21>          |r<10>          |   11.537|
b<21>          |r<11>          |   11.968|
b<21>          |r<12>          |   12.131|
b<21>          |r<13>          |   12.003|
b<21>          |r<14>          |   11.113|
b<21>          |r<15>          |   10.995|
b<21>          |r<16>          |   12.017|
b<21>          |r<17>          |   12.826|
b<21>          |r<18>          |   12.874|
b<21>          |r<19>          |   11.804|
b<21>          |r<20>          |   12.262|
b<21>          |r<21>          |   12.475|
b<21>          |r<22>          |   12.230|
b<21>          |r<23>          |   12.722|
b<21>          |r<24>          |   12.912|
b<21>          |r<25>          |   12.209|
b<21>          |r<26>          |   11.915|
b<21>          |r<27>          |   12.422|
b<21>          |r<28>          |   12.059|
b<21>          |r<29>          |   13.096|
b<21>          |r<30>          |   12.937|
b<21>          |r<31>          |   12.303|
b<21>          |z              |   14.233|
b<22>          |r<0>           |   10.190|
b<22>          |r<1>           |   11.866|
b<22>          |r<2>           |   12.538|
b<22>          |r<3>           |   11.168|
b<22>          |r<4>           |   10.886|
b<22>          |r<5>           |   11.870|
b<22>          |r<6>           |   12.710|
b<22>          |r<7>           |   11.237|
b<22>          |r<8>           |   11.657|
b<22>          |r<9>           |   11.134|
b<22>          |r<10>          |   12.156|
b<22>          |r<11>          |   12.189|
b<22>          |r<12>          |   11.881|
b<22>          |r<13>          |   12.654|
b<22>          |r<14>          |   12.462|
b<22>          |r<15>          |   11.216|
b<22>          |r<16>          |   11.767|
b<22>          |r<17>          |   13.477|
b<22>          |r<18>          |   13.920|
b<22>          |r<19>          |   12.025|
b<22>          |r<20>          |   12.012|
b<22>          |r<21>          |   12.931|
b<22>          |r<22>          |   12.614|
b<22>          |r<23>          |   12.963|
b<22>          |r<24>          |   13.069|
b<22>          |r<25>          |   12.313|
b<22>          |r<26>          |   12.076|
b<22>          |r<27>          |   12.663|
b<22>          |r<28>          |   12.116|
b<22>          |r<29>          |   13.053|
b<22>          |r<30>          |   12.894|
b<22>          |r<31>          |   12.378|
b<22>          |z              |   14.884|
b<23>          |r<0>           |   10.246|
b<23>          |r<1>           |   11.388|
b<23>          |r<2>           |   12.195|
b<23>          |r<3>           |   11.589|
b<23>          |r<4>           |   10.942|
b<23>          |r<5>           |   11.392|
b<23>          |r<6>           |   12.367|
b<23>          |r<7>           |   12.315|
b<23>          |r<8>           |   11.713|
b<23>          |r<9>           |   10.656|
b<23>          |r<10>          |   11.813|
b<23>          |r<11>          |   12.659|
b<23>          |r<12>          |   11.937|
b<23>          |r<13>          |   12.176|
b<23>          |r<14>          |   12.119|
b<23>          |r<15>          |   12.570|
b<23>          |r<16>          |   11.823|
b<23>          |r<17>          |   12.999|
b<23>          |r<18>          |   13.577|
b<23>          |r<19>          |   12.446|
b<23>          |r<20>          |   12.068|
b<23>          |r<21>          |   12.453|
b<23>          |r<22>          |   12.271|
b<23>          |r<23>          |   12.985|
b<23>          |r<24>          |   12.625|
b<23>          |r<25>          |   12.222|
b<23>          |r<26>          |   11.877|
b<23>          |r<27>          |   12.685|
b<23>          |r<28>          |   11.977|
b<23>          |r<29>          |   13.014|
b<23>          |r<30>          |   12.855|
b<23>          |r<31>          |   12.400|
b<23>          |z              |   14.439|
b<24>          |r<0>           |   11.209|
b<24>          |r<1>           |   11.701|
b<24>          |r<2>           |   12.406|
b<24>          |r<3>           |   11.421|
b<24>          |r<4>           |   11.459|
b<24>          |r<5>           |   11.705|
b<24>          |r<6>           |   12.578|
b<24>          |r<7>           |   12.147|
b<24>          |r<8>           |   12.108|
b<24>          |r<9>           |   10.969|
b<24>          |r<10>          |   12.024|
b<24>          |r<11>          |   12.491|
b<24>          |r<12>          |   12.437|
b<24>          |r<13>          |   12.489|
b<24>          |r<14>          |   12.330|
b<24>          |r<15>          |   12.402|
b<24>          |r<16>          |   12.786|
b<24>          |r<17>          |   13.312|
b<24>          |r<18>          |   13.788|
b<24>          |r<19>          |   12.278|
b<24>          |r<20>          |   12.585|
b<24>          |r<21>          |   12.766|
b<24>          |r<22>          |   12.482|
b<24>          |r<23>          |   11.497|
b<24>          |r<24>          |   13.599|
b<24>          |r<25>          |   12.498|
b<24>          |r<26>          |   12.288|
b<24>          |r<27>          |   12.679|
b<24>          |r<28>          |   12.490|
b<24>          |r<29>          |   13.527|
b<24>          |r<30>          |   13.368|
b<24>          |r<31>          |   13.386|
b<24>          |z              |   14.719|
b<25>          |r<0>           |   10.996|
b<25>          |r<1>           |   12.377|
b<25>          |r<2>           |   12.247|
b<25>          |r<3>           |   11.704|
b<25>          |r<4>           |   11.246|
b<25>          |r<5>           |   11.867|
b<25>          |r<6>           |   12.419|
b<25>          |r<7>           |   12.430|
b<25>          |r<8>           |   11.895|
b<25>          |r<9>           |   12.573|
b<25>          |r<10>          |   11.865|
b<25>          |r<11>          |   12.774|
b<25>          |r<12>          |   12.224|
b<25>          |r<13>          |   12.235|
b<25>          |r<14>          |   12.171|
b<25>          |r<15>          |   12.685|
b<25>          |r<16>          |   12.573|
b<25>          |r<17>          |   14.034|
b<25>          |r<18>          |   13.629|
b<25>          |r<19>          |   12.561|
b<25>          |r<20>          |   12.372|
b<25>          |r<21>          |   12.928|
b<25>          |r<22>          |   12.323|
b<25>          |r<23>          |   11.780|
b<25>          |r<24>          |   13.386|
b<25>          |r<25>          |   13.649|
b<25>          |r<26>          |   12.330|
b<25>          |r<27>          |   12.271|
b<25>          |r<28>          |   12.531|
b<25>          |r<29>          |   13.568|
b<25>          |r<30>          |   13.409|
b<25>          |r<31>          |   12.775|
b<25>          |z              |   15.441|
b<26>          |r<0>           |   10.787|
b<26>          |r<1>           |   12.124|
b<26>          |r<2>           |   11.211|
b<26>          |r<3>           |   11.449|
b<26>          |r<4>           |   11.037|
b<26>          |r<5>           |   11.614|
b<26>          |r<6>           |   11.510|
b<26>          |r<7>           |   12.175|
b<26>          |r<8>           |   11.686|
b<26>          |r<9>           |   12.320|
b<26>          |r<10>          |   12.538|
b<26>          |r<11>          |   12.519|
b<26>          |r<12>          |   12.015|
b<26>          |r<13>          |   11.982|
b<26>          |r<14>          |   11.532|
b<26>          |r<15>          |   12.430|
b<26>          |r<16>          |   12.364|
b<26>          |r<17>          |   13.781|
b<26>          |r<18>          |   12.621|
b<26>          |r<19>          |   12.306|
b<26>          |r<20>          |   12.163|
b<26>          |r<21>          |   12.675|
b<26>          |r<22>          |   11.414|
b<26>          |r<23>          |   11.525|
b<26>          |r<24>          |   13.177|
b<26>          |r<25>          |   13.396|
b<26>          |r<26>          |   12.634|
b<26>          |r<27>          |   11.938|
b<26>          |r<28>          |   11.967|
b<26>          |r<29>          |   13.004|
b<26>          |r<30>          |   12.845|
b<26>          |r<31>          |   12.645|
b<26>          |z              |   15.188|
b<27>          |r<0>           |   10.626|
b<27>          |r<1>           |   11.974|
b<27>          |r<2>           |   11.357|
b<27>          |r<3>           |   11.222|
b<27>          |r<4>           |   10.876|
b<27>          |r<5>           |   11.464|
b<27>          |r<6>           |   11.656|
b<27>          |r<7>           |   11.942|
b<27>          |r<8>           |   11.525|
b<27>          |r<9>           |   12.170|
b<27>          |r<10>          |   12.684|
b<27>          |r<11>          |   11.770|
b<27>          |r<12>          |   11.854|
b<27>          |r<13>          |   11.832|
b<27>          |r<14>          |   11.678|
b<27>          |r<15>          |   12.197|
b<27>          |r<16>          |   12.203|
b<27>          |r<17>          |   13.631|
b<27>          |r<18>          |   12.767|
b<27>          |r<19>          |   12.079|
b<27>          |r<20>          |   12.002|
b<27>          |r<21>          |   12.525|
b<27>          |r<22>          |   11.560|
b<27>          |r<23>          |   11.572|
b<27>          |r<24>          |   13.016|
b<27>          |r<25>          |   13.246|
b<27>          |r<26>          |   12.780|
b<27>          |r<27>          |   13.128|
b<27>          |r<28>          |   11.720|
b<27>          |r<29>          |   12.757|
b<27>          |r<30>          |   12.598|
b<27>          |r<31>          |   12.587|
b<27>          |z              |   15.038|
b<28>          |r<0>           |   10.780|
b<28>          |r<1>           |   12.181|
b<28>          |r<2>           |   11.754|
b<28>          |r<3>           |   11.834|
b<28>          |r<4>           |   11.426|
b<28>          |r<5>           |   11.671|
b<28>          |r<6>           |   12.053|
b<28>          |r<7>           |   12.554|
b<28>          |r<8>           |   11.886|
b<28>          |r<9>           |   12.377|
b<28>          |r<10>          |   13.081|
b<28>          |r<11>          |   12.382|
b<28>          |r<12>          |   12.773|
b<28>          |r<13>          |   12.039|
b<28>          |r<14>          |   12.075|
b<28>          |r<15>          |   12.809|
b<28>          |r<16>          |   12.357|
b<28>          |r<17>          |   13.838|
b<28>          |r<18>          |   13.164|
b<28>          |r<19>          |   12.691|
b<28>          |r<20>          |   12.552|
b<28>          |r<21>          |   12.732|
b<28>          |r<22>          |   11.957|
b<28>          |r<23>          |   12.184|
b<28>          |r<24>          |   13.377|
b<28>          |r<25>          |   13.453|
b<28>          |r<26>          |   13.177|
b<28>          |r<27>          |   13.740|
b<28>          |r<28>          |   12.013|
b<28>          |r<29>          |   12.799|
b<28>          |r<30>          |   12.729|
b<28>          |r<31>          |   13.354|
b<28>          |z              |   15.245|
b<29>          |r<0>           |   11.014|
b<29>          |r<1>           |   12.037|
b<29>          |r<2>           |   11.447|
b<29>          |r<3>           |   12.300|
b<29>          |r<4>           |   11.660|
b<29>          |r<5>           |   11.553|
b<29>          |r<6>           |   11.746|
b<29>          |r<7>           |   13.020|
b<29>          |r<8>           |   12.120|
b<29>          |r<9>           |   12.259|
b<29>          |r<10>          |   12.774|
b<29>          |r<11>          |   12.848|
b<29>          |r<12>          |   13.007|
b<29>          |r<13>          |   11.707|
b<29>          |r<14>          |   11.768|
b<29>          |r<15>          |   13.275|
b<29>          |r<16>          |   12.591|
b<29>          |r<17>          |   13.720|
b<29>          |r<18>          |   12.857|
b<29>          |r<19>          |   13.157|
b<29>          |r<20>          |   12.786|
b<29>          |r<21>          |   12.614|
b<29>          |r<22>          |   11.650|
b<29>          |r<23>          |   12.650|
b<29>          |r<24>          |   13.611|
b<29>          |r<25>          |   13.335|
b<29>          |r<26>          |   12.870|
b<29>          |r<27>          |   14.206|
b<29>          |r<28>          |   11.985|
b<29>          |r<29>          |   13.695|
b<29>          |r<30>          |   13.670|
b<29>          |r<31>          |   13.059|
b<29>          |z              |   15.127|
b<30>          |r<0>           |   10.748|
b<30>          |r<1>           |   12.143|
b<30>          |r<2>           |   10.955|
b<30>          |r<3>           |   12.406|
b<30>          |r<4>           |   11.394|
b<30>          |r<5>           |   11.659|
b<30>          |r<6>           |   13.378|
b<30>          |r<7>           |   13.126|
b<30>          |r<8>           |   11.854|
b<30>          |r<9>           |   12.365|
b<30>          |r<10>          |   11.966|
b<30>          |r<11>          |   12.954|
b<30>          |r<12>          |   12.741|
b<30>          |r<13>          |   11.813|
b<30>          |r<14>          |   11.675|
b<30>          |r<15>          |   13.381|
b<30>          |r<16>          |   12.325|
b<30>          |r<17>          |   13.826|
b<30>          |r<18>          |   12.369|
b<30>          |r<19>          |   13.263|
b<30>          |r<20>          |   12.520|
b<30>          |r<21>          |   12.720|
b<30>          |r<22>          |   13.282|
b<30>          |r<23>          |   12.756|
b<30>          |r<24>          |   13.345|
b<30>          |r<25>          |   13.441|
b<30>          |r<26>          |   12.062|
b<30>          |r<27>          |   14.312|
b<30>          |r<28>          |   11.719|
b<30>          |r<29>          |   12.407|
b<30>          |r<30>          |   13.116|
b<30>          |r<31>          |   13.029|
b<30>          |z              |   15.233|
b<31>          |r<0>           |   10.034|
b<31>          |r<1>           |   11.548|
b<31>          |r<2>           |   10.866|
b<31>          |r<3>           |   11.555|
b<31>          |r<4>           |   11.083|
b<31>          |r<5>           |   10.816|
b<31>          |r<6>           |   13.087|
b<31>          |r<7>           |   12.332|
b<31>          |r<8>           |   11.423|
b<31>          |r<9>           |   11.762|
b<31>          |r<10>          |   11.914|
b<31>          |r<11>          |   11.550|
b<31>          |r<12>          |   12.027|
b<31>          |r<13>          |   10.393|
b<31>          |r<14>          |   11.384|
b<31>          |r<15>          |   11.918|
b<31>          |r<16>          |   11.611|
b<31>          |r<17>          |   13.223|
b<31>          |r<18>          |   12.280|
b<31>          |r<19>          |   12.412|
b<31>          |r<20>          |   11.842|
b<31>          |r<21>          |   11.877|
b<31>          |r<22>          |   12.991|
b<31>          |r<23>          |   11.511|
b<31>          |r<24>          |   12.914|
b<31>          |r<25>          |   12.838|
b<31>          |r<26>          |   12.010|
b<31>          |r<27>          |   12.840|
b<31>          |r<28>          |   12.793|
b<31>          |r<29>          |   10.987|
b<31>          |r<30>          |   12.446|
b<31>          |r<31>          |   12.646|
b<31>          |z              |   14.630|
---------------+---------------+---------+


Analysis completed Mon Mar 03 16:09:59 2025 
--------------------------------------------------------------------------------

Trace Settings:
-------------------------
Trace Settings 

Peak Memory Usage: 265 MB



